2026-05-14 20:38:39,330 - INFO - ATIC Peru
2026-05-14 20:38:39,331 - INFO - Iniciando print_server.py version 1.0.2
2026-05-14 20:38:39,331 - INFO - Modo de escucha configurado por WebSocket.
2026-05-14 20:38:39,331 - INFO - Escuchando eventos en wss://api.atic.pe/ws/restaurants/1/tables/
2026-05-14 20:38:39,960 - INFO - Conexion WebSocket establecida correctamente.
2026-05-14 20:38:41,099 - INFO - Sincronizacion REST encontro 6 pedido(s) pendiente(s).
2026-05-14 20:38:41,100 - INFO - Pedido=30 Detalle=34 Producto='COMIDA POLLO A LA PLANCHA' Centro='NORMAL' Impresora='SIN_MAPEO' PrintedApi=False
2026-05-14 20:38:41,100 - INFO - Resumen de centros del pedido 30: {'NORMAL': 1}
2026-05-14 20:38:41,100 - INFO - Procesando pedido 30 en 1 centro(s).
2026-05-14 20:38:41,100 - WARNING - No se pudo completar la sincronizacion REST tras reconectar: No hay impresora configurada para el centro 'NORMAL'
2026-05-14 20:38:41,100 - INFO - Canal suscrito: restaurant_1_tables
2026-05-14 20:38:58,482 - INFO - Pedido=96 Detalle=227 Producto='POLLO A LA PLANCHA' Centro='BARRA' Impresora='CBX-POS808' PrintedApi=False
2026-05-14 20:38:58,483 - INFO - Resumen de centros del pedido 96: {'BARRA': 1}
2026-05-14 20:38:58,483 - INFO - Procesando pedido 96 en 1 centro(s).
2026-05-14 20:38:58,486 - INFO - Enviando pedido 96 al centro BARRA en impresora 'CBX-POS808'
2026-05-14 20:38:59,290 - INFO - Trabajo de impresion generado. Pedido=96 Tipo=BARRA Copia=1 JobId=5
2026-05-14 20:39:00,325 - INFO - Detalle marcado como impreso. Pedido=96 Detalle=227 Centro=BARRA
2026-05-14 20:39:00,326 - INFO - Evento procesado. Tipo=order.updated Pedido=96 Detalles impresos=1 Detalles confirmados=1 Pendientes locales=49
2026-05-14 20:39:00,327 - INFO - Evento order.updated omitido para pedido 96 por estado, compania o sin detalles pendientes.
2026-05-14 20:42:27,811 - INFO - Pedido=96 Detalle=227 Producto='POLLO A LA PLANCHA' Centro='BARRA' Impresora='CBX-POS808' PrintedApi=False
2026-05-14 20:42:27,812 - INFO - Resumen de centros del pedido 96: {'BARRA': 1}
2026-05-14 20:42:27,812 - INFO - Procesando pedido 96 en 1 centro(s).
2026-05-14 20:42:27,813 - INFO - Enviando pedido 96 al centro BARRA en impresora 'CBX-POS808'
2026-05-14 20:42:27,879 - INFO - Trabajo de impresion generado. Pedido=96 Tipo=BARRA Copia=1 JobId=6
2026-05-14 20:42:29,125 - INFO - Detalle marcado como impreso. Pedido=96 Detalle=227 Centro=BARRA
2026-05-14 20:42:29,127 - INFO - Evento procesado. Tipo=order.updated Pedido=96 Detalles impresos=1 Detalles confirmados=1 Pendientes locales=49
2026-05-14 20:42:29,129 - INFO - Evento order.updated omitido para pedido 96 por estado, compania o sin detalles pendientes.
